// Jest Snapshot v1, https://goo.gl/fbAQLP

exports[`Storyshots SideCommentAnchor default 1`] = `
<div
  className="side-comment-anchor"
  style={
    Object {
      "left": "6px",
      "top": "6px",
    }
  }
>
  <div
    className="button"
    onClick={[Function]}
    onMouseDown={[Function]}
  >
    <span
      className="suggest"
    >
      Suggérer
    </span>
  </div>
  <div
    className="arrow-down"
  />
</div>
`;
