// Jest Snapshot v1, https://goo.gl/fbAQLP

exports[`CardList component should match CardList snapshot 1`] = `
<div
  className="no-margin row"
>
  <div
    className="classFoo clear classFoo-first-row-0 col-md-3 col-sm-6 col-xs-12"
  >
    <div>
      Foo
    </div>
  </div>
  <div
    className="classFoo classFoo-first-row-1 col-md-3 col-sm-6 col-xs-12"
  >
    <div>
      Bar
    </div>
  </div>
</div>
`;
