// Jest Snapshot v1, https://goo.gl/fbAQLP

exports[`Card component should match Card snapshot 1`] = `
<div
  className="illustration-box classFoo"
>
  <div
    className="image-box"
    style={
      Object {
        "backgroundImage": "url(http://foo.bar/imgUrl)",
      }
    }
  />
  <div>
    Card content
  </div>
  <div
    className="color-box"
  >
     
  </div>
  <div
    className="box-hyphen"
  >
     
  </div>
  <div
    className="box-hyphen rotate-hyphen"
  >
     
  </div>
</div>
`;
