// Jest Snapshot v1, https://goo.gl/fbAQLP

exports[`LegalForm component should match snapshot 1`] = `
<div
  className="terms-form"
  style={Object {}}
>
  <ModalHeader
    bsClass="modal-header"
    closeButton={true}
    closeLabel="Close"
  >
    <ModalTitle
      bsClass="modal-title"
      componentClass="h4"
    >
      <Translate
        value="undefined.headerTitle"
      />
    </ModalTitle>
  </ModalHeader>
  <ModalBody
    bsClass="modal-body"
    componentClass="div"
  >
    <div
      className="terms-box justify"
      dangerouslySetInnerHTML={
        Object {
          "__html": undefined,
        }
      }
    />
  </ModalBody>
</div>
`;
