// Jest Snapshot v1, https://goo.gl/fbAQLP

exports[`Storyshots FictionHeader default 1`] = `
Array [
  <header
    className="header"
  >
    <img
      alt="taryn-treutel-avatar"
      className="circle-avatar"
      src="https://loremflickr.com/300/300"
    />
    <div
      className="meta"
    >
      <p
        className="author"
      >
        Helen Aguilar
      </p>
      <p
        className="date-time"
      >
        <time
          dateTime="2018-07-09"
          pubdate="true"
        >
          August 8th, 2018
        </time>
      </p>
    </div>
  </header>,
  <hr />,
]
`;

exports[`Storyshots FictionHeader playground 1`] = `
Array [
  <header
    className="header"
  >
    <img
      alt="taryn-treutel-avatar"
      className="circle-avatar"
      src="https://loremflickr.com/300/300"
    />
    <div
      className="meta"
    >
      <p
        className="author"
      >
        Helen Aguilar
      </p>
      <p
        className="date-time"
      >
        <time
          dateTime="2018-07-09"
          pubdate="true"
        >
          August 8th, 2018
        </time>
      </p>
    </div>
  </header>,
  <hr />,
]
`;
