// Jest Snapshot v1, https://goo.gl/fbAQLP

exports[`Storyshots FictionPreview default 1`] = `
<div
  className="fiction-preview"
  style={
    Object {
      "backgroundImage": "linear-gradient(rgba(0, 0, 0, 0.2), rgba(0, 0, 0, 0.2)), url(https://s3-eu-west-1.amazonaws.com/bluenove-assembl-images/bm/preview-xx.jpg)",
    }
  }
>
  <div
    className="content-box"
  >
    <ul
      className="actions"
    >
      <li>
        <div
          className="custom-overlay"
        >
          <div
            onBlur={[Function]}
            onClick={null}
            onFocus={[Function]}
            onMouseOut={[Function]}
            onMouseOver={[Function]}
          >
            <button
              className="edit edit-default"
              disabled={false}
              onClick={[Function]}
              type="button"
            >
              <svg
                className="editPostIcon"
                height="17"
                viewBox="0 0 16 17"
                width="16"
                xmlns="http://www.w3.org/2000/svg"
              >
                <path
                  d="M15.873.97l-.876-.877a.318.318 0 0 0-.45 0l-1.31 1.31-.124-.123a.318.318 0 0 0-.45 0L2.43 11.512a6.357 6.357 0 0 0-1.453 2.243l-.436 1.142a.317.317 0 0 0-.02.097l-.429.429a.318.318 0 0 0 .45.45l.428-.429a.317.317 0 0 0 .098-.02l1.142-.436a6.358 6.358 0 0 0 2.243-1.453l8.96-8.96c.059.261-.1.71-.483 1.093l-2.696 2.697a.318.318 0 0 0 .45.45l2.696-2.697c.321-.321.548-.705.638-1.08.086-.36.038-.693-.13-.938l.797-.797a.318.318 0 0 0 0-.45l-.124-.123 1.31-1.311a.318.318 0 0 0 0-.45zM4.004 13.084a5.725 5.725 0 0 1-2.02 1.309l-.666.254.254-.666a5.725 5.725 0 0 1 1.309-2.02l.345-.345 1.123 1.123-.345.345zm.794-.795l-1.123-1.123 9.213-9.212 1.123 1.123-9.213 9.212zm9.314-10.01l-.426-.426L14.772.768l.426.426-1.086 1.086z"
                  fillRule="evenodd"
                  strokeWidth=".15"
                />
              </svg>
            </button>
          </div>
        </div>
      </li>
      <li>
        <div
          className="custom-overlay"
        >
          <div
            onBlur={[Function]}
            onClick={null}
            onFocus={[Function]}
            onMouseOut={[Function]}
            onMouseOver={[Function]}
          >
            <button
              className=" -default"
              disabled={false}
              onClick={[Function]}
              type="button"
            >
              <svg
                className="deletePostIcon"
                height="18"
                viewBox="0 0 17 18"
                width="17"
                xmlns="http://www.w3.org/2000/svg"
              >
                <g
                  className="group"
                  fillRule="evenodd"
                >
                  <path
                    className="path"
                    d="M15.575 2.542h-4.649v-.776c0-.423-.362-.766-.808-.766H6.882c-.446 0-.808.343-.808.766v.776h-4.65a.396.396 0 0 0-.406.385c0 .212.182.385.407.385h.754l.515 12.668c.031.775.699 1.383 1.519 1.383h8.574c.82 0 1.488-.608 1.52-1.383l.514-12.668h.754a.397.397 0 0 0 .407-.385.396.396 0 0 0-.407-.385zM6.888 1.77h3.224v.772H6.888V1.77zm6.605 14.18c-.015.36-.325.642-.706.642H4.213c-.381 0-.691-.282-.706-.642L2.994 3.312h11.012l-.513 12.638z"
                    strokeWidth=".15"
                  />
                  <path
                    d="M6.021 6.803a.397.397 0 0 0-.407-.378h-.008a.396.396 0 0 0-.399.392l.128 6.284c.004.21.186.378.407.378h.008a.395.395 0 0 0 .399-.392l-.128-6.284zM8.5 6.425a.397.397 0 0 0-.407.385v6.284c0 .213.182.385.407.385a.396.396 0 0 0 .407-.385V6.81a.397.397 0 0 0-.407-.385zM11.393 6.425a.398.398 0 0 0-.414.378l-.128 6.284a.395.395 0 0 0 .407.392.397.397 0 0 0 .407-.378l.128-6.284a.395.395 0 0 0-.4-.392z"
                  />
                </g>
              </svg>
            </button>
          </div>
        </div>
      </li>
      <li>
        <div
          className="custom-overlay"
        >
          <div
            onBlur={[Function]}
            onClick={null}
            onFocus={[Function]}
            onMouseOut={[Function]}
            onMouseOver={[Function]}
          >
            <a
              className="share"
              onClick={[Function]}
              style={Object {}}
            >
              <span
                className="assembl-icon-share"
              />
            </a>
          </div>
        </div>
      </li>
    </ul>
    <a
      className="link"
      onClick={[Function]}
      style={Object {}}
    >
      <div
        className="inner-box"
      >
        <h3>
          Lorem ipsum dolor sit amet, consectetur adipiscing elit. Donec quis tincidunt dolor.
        </h3>
        <p
          className="info"
        >
          <span
            className="author"
          >
            John Doe
          </span>
          <span
            className="published-date"
          >
             - 01/01/2018
          </span>
        </p>
      </div>
    </a>
  </div>
</div>
`;

exports[`Storyshots FictionPreview playground 1`] = `
<div
  className="fiction-preview"
  style={
    Object {
      "backgroundImage": "linear-gradient(rgba(0, 0, 0, 0.2), rgba(0, 0, 0, 0.2)), url(https://s3-eu-west-1.amazonaws.com/bluenove-assembl-images/bm/preview-xx.jpg)",
    }
  }
>
  <div
    className="content-box"
  >
    <ul
      className="actions"
    >
      <li>
        <div
          className="custom-overlay"
        >
          <div
            onBlur={[Function]}
            onClick={null}
            onFocus={[Function]}
            onMouseOut={[Function]}
            onMouseOver={[Function]}
          >
            <button
              className="edit edit-default"
              disabled={false}
              onClick={[Function]}
              type="button"
            >
              <svg
                className="editPostIcon"
                height="17"
                viewBox="0 0 16 17"
                width="16"
                xmlns="http://www.w3.org/2000/svg"
              >
                <path
                  d="M15.873.97l-.876-.877a.318.318 0 0 0-.45 0l-1.31 1.31-.124-.123a.318.318 0 0 0-.45 0L2.43 11.512a6.357 6.357 0 0 0-1.453 2.243l-.436 1.142a.317.317 0 0 0-.02.097l-.429.429a.318.318 0 0 0 .45.45l.428-.429a.317.317 0 0 0 .098-.02l1.142-.436a6.358 6.358 0 0 0 2.243-1.453l8.96-8.96c.059.261-.1.71-.483 1.093l-2.696 2.697a.318.318 0 0 0 .45.45l2.696-2.697c.321-.321.548-.705.638-1.08.086-.36.038-.693-.13-.938l.797-.797a.318.318 0 0 0 0-.45l-.124-.123 1.31-1.311a.318.318 0 0 0 0-.45zM4.004 13.084a5.725 5.725 0 0 1-2.02 1.309l-.666.254.254-.666a5.725 5.725 0 0 1 1.309-2.02l.345-.345 1.123 1.123-.345.345zm.794-.795l-1.123-1.123 9.213-9.212 1.123 1.123-9.213 9.212zm9.314-10.01l-.426-.426L14.772.768l.426.426-1.086 1.086z"
                  fillRule="evenodd"
                  strokeWidth=".15"
                />
              </svg>
            </button>
          </div>
        </div>
      </li>
      <li>
        <div
          className="custom-overlay"
        >
          <div
            onBlur={[Function]}
            onClick={null}
            onFocus={[Function]}
            onMouseOut={[Function]}
            onMouseOver={[Function]}
          >
            <button
              className=" -default"
              disabled={false}
              onClick={[Function]}
              type="button"
            >
              <svg
                className="deletePostIcon"
                height="18"
                viewBox="0 0 17 18"
                width="17"
                xmlns="http://www.w3.org/2000/svg"
              >
                <g
                  className="group"
                  fillRule="evenodd"
                >
                  <path
                    className="path"
                    d="M15.575 2.542h-4.649v-.776c0-.423-.362-.766-.808-.766H6.882c-.446 0-.808.343-.808.766v.776h-4.65a.396.396 0 0 0-.406.385c0 .212.182.385.407.385h.754l.515 12.668c.031.775.699 1.383 1.519 1.383h8.574c.82 0 1.488-.608 1.52-1.383l.514-12.668h.754a.397.397 0 0 0 .407-.385.396.396 0 0 0-.407-.385zM6.888 1.77h3.224v.772H6.888V1.77zm6.605 14.18c-.015.36-.325.642-.706.642H4.213c-.381 0-.691-.282-.706-.642L2.994 3.312h11.012l-.513 12.638z"
                    strokeWidth=".15"
                  />
                  <path
                    d="M6.021 6.803a.397.397 0 0 0-.407-.378h-.008a.396.396 0 0 0-.399.392l.128 6.284c.004.21.186.378.407.378h.008a.395.395 0 0 0 .399-.392l-.128-6.284zM8.5 6.425a.397.397 0 0 0-.407.385v6.284c0 .213.182.385.407.385a.396.396 0 0 0 .407-.385V6.81a.397.397 0 0 0-.407-.385zM11.393 6.425a.398.398 0 0 0-.414.378l-.128 6.284a.395.395 0 0 0 .407.392.397.397 0 0 0 .407-.378l.128-6.284a.395.395 0 0 0-.4-.392z"
                  />
                </g>
              </svg>
            </button>
          </div>
        </div>
      </li>
      <li>
        <div
          className="custom-overlay"
        >
          <div
            onBlur={[Function]}
            onClick={null}
            onFocus={[Function]}
            onMouseOut={[Function]}
            onMouseOver={[Function]}
          >
            <a
              className="share"
              onClick={[Function]}
              style={Object {}}
            >
              <span
                className="assembl-icon-share"
              />
            </a>
          </div>
        </div>
      </li>
    </ul>
    <a
      className="link"
      onClick={[Function]}
      style={Object {}}
    >
      <div
        className="inner-box"
      >
        <h3>
          Lorem ipsum dolor sit amet, consectetur adipiscing elit. Donec quis tincidunt dolor.
        </h3>
        <p
          className="info"
        >
          <span
            className="author"
          >
            John Doe
          </span>
          <span
            className="published-date"
          >
             - 01/01/2018
          </span>
        </p>
      </div>
    </a>
  </div>
</div>
`;
