// Jest Snapshot v1, https://goo.gl/fbAQLP

exports[`Storyshots InstructionsText default 1`] = `
<div
  className="background-light instructions-text padding-left-right"
>
  <div
    className="max-container"
  >
    <div
      className="content-section section-margin-top"
    >
      <div
        className="announcement-menu single-tab"
        id="announcement-tabs-id"
      >
        <ul
          className="nav nav-tabs nav-justified"
          role="tablist"
        >
          <li
            className="active"
            role="presentation"
          >
            <a
              aria-controls="announcement-tabs-id-pane-0"
              aria-selected={true}
              href="#"
              id="announcement-tabs-id-tab-0"
              onClick={[Function]}
              onKeyDown={[Function]}
              role="tab"
            >
              Consigne
            </a>
          </li>
          <li
            className=""
            role="presentation"
          >
            <a
              aria-controls="announcement-tabs-id-pane-1"
              aria-selected={false}
              href="#"
              id="announcement-tabs-id-tab-1"
              onClick={[Function]}
              onKeyDown={[Function]}
              role="tab"
              tabIndex={-1}
            >
              À retenir
            </a>
          </li>
        </ul>
        <div
          className="tab-content"
        >
          <div
            aria-hidden={false}
            aria-labelledby="announcement-tabs-id-tab-0"
            className="tab-pane active fade in"
            id="announcement-tabs-id-pane-0"
            role="tabpanel"
          >
            <div
              className="announcement"
            >
              <div
                className="announcement-title"
              >
                <h1
                  className="grey-title1"
                >
                  Test
                </h1>
              </div>
              <div
                className="announcement-media announcement-text-only"
              >
                Lorem Ipsum body
              </div>
            </div>
          </div>
          <div
            aria-hidden={true}
            aria-labelledby="announcement-tabs-id-tab-1"
            className="tab-pane fade"
            id="announcement-tabs-id-pane-1"
            role="tabpanel"
          >
            <div
              className="announcement"
            >
              <div
                className="announcement-media announcement-text-only"
              >
                To remember
              </div>
            </div>
          </div>
        </div>
      </div>
    </div>
  </div>
</div>
`;

exports[`Storyshots InstructionsText playground 1`] = `
<div
  className="background-light instructions-text padding-left-right"
>
  <div
    className="max-container"
  >
    <div
      className="content-section section-margin-top"
    >
      <div
        className="announcement-menu single-tab"
        id="announcement-tabs-id"
      >
        <ul
          className="nav nav-tabs nav-justified"
          role="tablist"
        >
          <li
            className="active"
            role="presentation"
          >
            <a
              aria-controls="announcement-tabs-id-pane-0"
              aria-selected={true}
              href="#"
              id="announcement-tabs-id-tab-0"
              onClick={[Function]}
              onKeyDown={[Function]}
              role="tab"
            >
              Consigne
            </a>
          </li>
          <li
            className=""
            role="presentation"
          >
            <a
              aria-controls="announcement-tabs-id-pane-1"
              aria-selected={false}
              href="#"
              id="announcement-tabs-id-tab-1"
              onClick={[Function]}
              onKeyDown={[Function]}
              role="tab"
              tabIndex={-1}
            >
              À retenir
            </a>
          </li>
        </ul>
        <div
          className="tab-content"
        >
          <div
            aria-hidden={false}
            aria-labelledby="announcement-tabs-id-tab-0"
            className="tab-pane active fade in"
            id="announcement-tabs-id-pane-0"
            role="tabpanel"
          >
            <div
              className="announcement"
            >
              <div
                className="announcement-title"
              >
                <h1
                  className="grey-title1"
                >
                  Test
                </h1>
              </div>
              <div
                className="announcement-media announcement-text-only"
              >
                Lorem Ipsum body
              </div>
            </div>
          </div>
          <div
            aria-hidden={true}
            aria-labelledby="announcement-tabs-id-tab-1"
            className="tab-pane fade"
            id="announcement-tabs-id-pane-1"
            role="tabpanel"
          >
            <div
              className="announcement"
            >
              <div
                className="announcement-media announcement-text-only"
              >
                To remember
              </div>
            </div>
          </div>
        </div>
      </div>
    </div>
  </div>
</div>
`;
