// Jest Snapshot v1, https://goo.gl/fbAQLP

exports[`Bright Mirror page should hide fiction creation section if timeline is over 1`] = `
<div
  className="instruction-view"
>
  <InstructionsText
    body="Participez à la création de fiction"
    title="Instruction"
  />
  <div />
</div>
`;

exports[`Bright Mirror page should hide fiction creation section if user is not allowed post 1`] = `
<div
  className="instruction-view"
>
  <InstructionsText
    body="Participez à la création de fiction"
    title="Instruction"
  />
  <div />
</div>
`;

exports[`Bright Mirror page should hide fiction creation section if user is not connected 1`] = `
<div
  className="instruction-view"
>
  <InstructionsText
    body="Participez à la création de fiction"
    title="Instruction"
  />
  <div />
</div>
`;

exports[`Bright Mirror page should match BrightMirror instruction snapshot 1`] = `
<div
  className="instruction-view"
>
  <InstructionsText
    body="Participez à la création de fiction"
    title="Instruction"
  />
  <div>
    <DumbTopPostFormContainer
      bodyMaxLength={0}
      bodyPlaceholderMsgId="debate.brightMirror.fillBodyLabel"
      draftSuccessMsgId="debate.brightMirror.draftSuccessMsg"
      draftable={true}
      fillBodyLabelMsgId="debate.brightMirror.fillBodyLabel"
      fullscreen={true}
      ideaId={0}
      instructionLabelMsgId="debate.brightMirror.startFictionLabel"
      isColumnViewInline={false}
      messageColumns={Array []}
      postSuccessMsgId="debate.brightMirror.postSuccessMsg"
      refetchIdea={[Function]}
      topPostsCount={0}
    />
  </div>
</div>
`;
