// Jest Snapshot v1, https://goo.gl/fbAQLP

exports[`DeletePostButton component should render a delete post button 1`] = `
<DeletePostButton
  deletePost={[Function]}
  postId="XYZ333"
  refetchQueries={
    Array [
      Object {
        "query": "dummyGraphqlQuery",
        "variables": Object {
          "lang": "en",
        },
      },
    ]
  }
/>
`;
