// Jest Snapshot v1, https://goo.gl/fbAQLP

exports[`RelatedIdeas component should render related ideas 1`] = `
<div
  className="link-idea"
>
  <div
    className="label"
  >
    <Translate
      value="debate.thread.linkIdea"
    />
  </div>
  <div
    className="badges"
  >
    <span
      className="badge"
    >
      Super thematic
    </span>
    <span
      className="badge"
    >
      Fantastic thematic
    </span>
  </div>
</div>
`;
