// Jest Snapshot v1, https://goo.gl/fbAQLP

exports[`AddModuleButton component should match the snapshot 1`] = `
<button
  className="button-submit button-dark btn btn-default"
  disabled={false}
  onClick={[Function]}
  type="button"
>
  <span>
    Add a Text & Multimedia module
  </span>
</button>
`;
