// Jest Snapshot v1, https://goo.gl/fbAQLP

exports[`ManageModules component should render a page to manage the landing page header 1`] = `
<div
  className="admin-box"
>
  <SectionTitle
    annotation="* Fields are required."
    title="Header"
  />
  <div
    className="admin-content"
  >
    <div
      className="form-container"
    >
      <Helper
        additionalTextClasses=""
        classname="admin-paragraph"
        helperText="Top page header. It contains the consultation's title and subtitle and a button to access to the consultation."
        helperUrl="/static2/img/helpers/landing_page_admin/header.png"
        label="Customize appearance of the header."
      />
      <div
        className="margin-l"
      />
      <FormControlWithLabel
        componentClass={undefined}
        disabled={undefined}
        formControlProps={undefined}
        helperText=""
        helperUrl=""
        id={undefined}
        label="Debate title"
        labelAlwaysVisible={false}
        name={undefined}
        onChange={[Function]}
        required={true}
        type="text"
        validationErrors={undefined}
        value="title"
      />
      <FormControlWithLabel
        componentClass={undefined}
        disabled={undefined}
        formControlProps={undefined}
        helperText=""
        helperUrl=""
        id={undefined}
        label="Debate subtitle"
        labelAlwaysVisible={false}
        name={undefined}
        onChange={[Function]}
        required={true}
        type="rich-text"
        validationErrors={undefined}
        value="subtitle"
      />
      <FormGroup
        bsClass="form-group"
      >
        <label
          htmlFor="landing-page-img-header"
        >
          <Translate
            value="administration.landingPage.header.headerImage"
          />
        </label>
        <FileUploader
          deleteFileTooltip={
            <Tooltip
              bsClass="tooltip"
              id="deleteFileTooltip"
              placement="right"
            >
              <Translate
                value="administration.deleteAssociatedFile"
              />
            </Tooltip>
          }
          fileOrUrl="img/headerImg.jpg"
          filename=""
          handleChange={[Function]}
          imgTitle="myHeaderImage"
          isAdminUploader={true}
          mimeType="image/jpeg"
          name="landing-page-img-header"
          onDeleteClick={[Function]}
          withPreview={true}
        />
        <div
          className="description-block"
        >
          <Translate
            value="administration.landingPage.header.headerDescription"
          />
        </div>
      </FormGroup>
      <FormControlWithLabel
        componentClass={undefined}
        disabled={undefined}
        formControlProps={undefined}
        helperText=""
        helperUrl=""
        id={undefined}
        label="Name of the referral button to the debate"
        labelAlwaysVisible={false}
        name={undefined}
        onChange={[Function]}
        required={true}
        type="text"
        validationErrors={undefined}
        value="button label"
      />
      <FormGroup
        bsClass="form-group"
      >
        <label
          htmlFor="landing-page-img-logo"
        >
          <Translate
            value="administration.landingPage.header.logoImage"
          />
        </label>
        <FileUploader
          deleteFileTooltip={
            <Tooltip
              bsClass="tooltip"
              id="deleteFileTooltip"
              placement="right"
            >
              <Translate
                value="administration.deleteAssociatedFile"
              />
            </Tooltip>
          }
          fileOrUrl="img/logoImg.jpg"
          filename=""
          handleChange={[Function]}
          imgTitle="myLogoImage"
          isAdminUploader={true}
          mimeType="image/jpeg"
          name="landing-page-img-logo"
          onDeleteClick={[Function]}
          withPreview={true}
        />
        <div
          className="description-block"
        >
          <Translate
            value="administration.landingPage.header.logoDescription"
          />
        </div>
      </FormGroup>
    </div>
  </div>
</div>
`;
