// Jest Snapshot v1, https://goo.gl/fbAQLP

exports[`ManageModules component should render a form to manage the landing page modules 1`] = `
<div
  className="admin-box"
>
  <SectionTitle
    annotation="* Fields are required."
    title="Manage the modules"
  />
  <div
    className="admin-content form-container"
    style={
      Object {
        "maxWidth": "700px",
      }
    }
  >
    <p
      className="admin-paragraph"
    >
      <Translate
        value="administration.landingPage.manageModules.helper"
      />
    </p>
    <div
      className="two-columns-admin"
    >
      <div
        className="column-left"
      >
        <Apollo(Component)
          lang={undefined}
          modulesById={undefined}
          toggleModule={[Function]}
        />
      </div>
      <div
        className="column-right"
      >
        <ModulesPreview
          modules={undefined}
          moveModuleDown={[Function]}
          moveModuleUp={[Function]}
        />
      </div>
    </div>
  </div>
</div>
`;
