// Jest Snapshot v1, https://goo.gl/fbAQLP

exports[`ManageModules component should render a form to manage the landing page modules 1`] = `
<div
  className="admin-box"
>
  <SectionTitle
    annotation="* Fields are required."
    title="Manage the modules"
  />
  <div
    className="admin-content form-container"
    style={
      Object {
        "maxWidth": "700px",
      }
    }
  >
    <p
      className="admin-paragraph"
    >
      <Translate
        value="administration.landingPage.manageModules.helper"
      />
    </p>
    <div>
      <ModulesPreview
        editModule={[Function]}
        modules={
          Immutable.List [
            Immutable.Map {
              "enabled": true,
              "id": "abc123",
              "moduleType": Immutable.Map {
                "moduleId": "abc123",
                "editableOrder": false,
                "identifier": "HEADER",
                "required": true,
                "title": "Header",
              },
              "order": 1,
            },
            Immutable.Map {
              "enabled": true,
              "id": "ghi789",
              "moduleType": Immutable.Map {
                "moduleId": "ghi789",
                "editableOrder": true,
                "identifier": "VIDEO",
                "title": "Video",
              },
              "order": 5,
            },
            Immutable.Map {
              "enabled": true,
              "id": "jkl865",
              "moduleType": Immutable.Map {
                "moduleId": "jkl865",
                "editableOrder": false,
                "identifier": "FOOTER",
                "required": true,
                "title": "Footer",
              },
              "order": 99,
            },
          ]
        }
        moveModuleDown={[MockFunction]}
        moveModuleUp={[MockFunction]}
        removeModule={[Function]}
      />
    </div>
    <div>
      <SaveButtonInPortal
        btnId="save-order-button"
        specificClasses={null}
        title="administration.saveOrder"
      />
      <div
        id="save-order-button"
      />
      <AddModuleButton
        allDuplicatesAreChecked={false}
        buttonTitleTranslationKey="textAndMultimediaBtn"
        createModule={[Function]}
        numberOfDuplicatesModules={1}
        numberOfEnabledModules={3}
      />
    </div>
  </div>
</div>
`;
