// Jest Snapshot v1, https://goo.gl/fbAQLP

exports[`ModulesPreview component should display nothing if modules are empty 1`] = `null`;

exports[`ModulesPreview component should render a preview of the enabled modules 1`] = `
<div
  className="box modules-preview"
>
  <div
    className="inner"
  >
    <div
      className="module-block"
    >
      <span>
        Header
        *
      </span>
    </div>
    <div
      className="other-modules"
    >
      <div
        className="module-block"
      >
        <span>
          Video
          
        </span>
        <span>
          <button
            className="admin-icons btn btn-default"
            disabled={false}
            onBlur={[Function]}
            onClick={[Function]}
            onFocus={[Function]}
            onMouseOut={[Function]}
            onMouseOver={[Function]}
            type="button"
          >
            <span
              className="assembl-icon-down-small"
            />
          </button>
          <button
            className="admin-icons btn btn-default"
            disabled={false}
            onBlur={[Function]}
            onClick={[Function]}
            onFocus={[Function]}
            onMouseOut={[Function]}
            onMouseOver={[Function]}
            type="button"
          >
            <span
              className="assembl-icon-up-small"
            />
          </button>
        </span>
      </div>
    </div>
    <div
      className="module-block"
    >
      <span>
        Footer
        *
      </span>
    </div>
  </div>
</div>
`;
