// Jest Snapshot v1, https://goo.gl/fbAQLP

exports[`ModuleBlock component should render a block that represents the module 1`] = `
<div
  className="module-block"
>
  <span>
    Header
    *
  </span>
</div>
`;

exports[`ModuleBlock component should render a block that represents the module with move up/down arrows 1`] = `
<div
  className="module-block"
>
  <span>
    Introduction
    
  </span>
  <span>
    <button
      className="admin-icons btn btn-default"
      disabled={false}
      onBlur={[Function]}
      onClick={[Function]}
      onFocus={[Function]}
      onMouseOut={[Function]}
      onMouseOver={[Function]}
      type="button"
    >
      <span
        className="assembl-icon-down-small"
      />
    </button>
    <button
      className="admin-icons btn btn-default"
      disabled={false}
      onBlur={[Function]}
      onClick={[Function]}
      onFocus={[Function]}
      onMouseOut={[Function]}
      onMouseOver={[Function]}
      type="button"
    >
      <span
        className="assembl-icon-up-small"
      />
    </button>
  </span>
</div>
`;
