// Jest Snapshot v1, https://goo.gl/fbAQLP

exports[`DumbPageForm component should render a form to update the resources center page title and header 1`] = `
<div
  className="form-container"
>
  <div
    className="form-group"
  >
    <label
      className="control-label"
      htmlFor={undefined}
    >
      Page title
    </label>
    <input
      className="form-control"
      disabled={undefined}
      id={undefined}
      onBlur={[Function]}
      onChange={[Function]}
      placeholder="Page title"
      type="text"
      value="Centre de ressources"
    />
  </div>
  <div
    className="form-group"
  >
    <label
      htmlFor="header-image"
    >
      <span
        className={undefined}
        style={undefined}
      >
        Header image
      </span>
    </label>
    <div>
      <button
        className="btn btn-default"
        disabled={false}
        onClick={[Function]}
        type="button"
      >
        <span
          className={undefined}
          style={undefined}
        >
          Choose a file to upload
        </span>
      </button>
      <div
        className="preview"
      >
        <img
          alt="preview"
          src="http://www.example.com/documents/myimage/data"
        />
        <div
          className="preview-title"
        >
          <span
            className="assembl-icon-text-attachment"
          />
        </div>
        <button
          className="admin-icons btn btn-default"
          disabled={false}
          onBlur={[Function]}
          onClick={null}
          onFocus={[Function]}
          onMouseOut={[Function]}
          onMouseOver={[Function]}
          type="button"
        >
          <span
            className="assembl-icon-delete grey"
          />
        </button>
      </div>
      <input
        className="hidden"
        name="header-image"
        onChange={[Function]}
        type="file"
      />
    </div>
  </div>
  <div
    className="separator"
  />
</div>
`;
