// Jest Snapshot v1, https://goo.gl/fbAQLP

exports[`CookieToggle component should render a cookie's name with a toggle to change its setting 1`] = `
<div
  className="cookie-toggle"
>
  <span
    className="cookie-title dark-title-3 ellipsis"
  >
    User Session
  </span>
  <div
    className="rsbc-switch-button rsbc-mode-switch rsbc-switch-button-flat-round disabled"
  >
    <label
      htmlFor="userSession"
    >
      Refuse
    </label>
    <input
      checked={false}
      disabled={true}
      id="userSession"
      name="userSession"
      onChange={[Function]}
      type="checkbox"
      value="1"
    />
    <label
      htmlFor="userSession"
    />
    <label
      htmlFor="userSession"
    >
      Accept
    </label>
  </div>
</div>
`;
