// Jest Snapshot v1, https://goo.gl/fbAQLP

exports[`Storyshots Tag On Post|TagContainer default 1`] = `
<div
  className="tag-container"
>
  <div
    className="title"
  >
    Mots-clés relatifs à ce post :
  </div>
  <div
    className="tag-list"
  >
    <div>
      <div
        className="ReactTags__tags react-tags-wrapper-user"
      >
        <div
          className="ReactTags__selected"
        >
          <button
            className="tag-wrapper ReactTags__tag"
            onClick={null}
            style={
              Object {
                "cursor": "auto",
                "opacity": 1,
              }
            }
          >
            <span
              className="tag-name"
            >
              Habitat et SDF
            </span>
          </button>
          <button
            className="tag-wrapper ReactTags__tag"
            onClick={null}
            style={
              Object {
                "cursor": "auto",
                "opacity": 1,
              }
            }
          >
            <span
              className="tag-name"
            >
              Facilitation
            </span>
          </button>
        </div>
      </div>
    </div>
  </div>
</div>
`;

exports[`Storyshots Tag On Post|TagContainer playground 1`] = `
<div
  className="tag-container"
>
  <div
    className="title"
  >
    Mots-clés relatifs à ce post :
  </div>
  <div
    className="tag-list"
  >
    <div>
      <div
        className="ReactTags__tags react-tags-wrapper-user"
      >
        <div
          className="ReactTags__selected"
        >
          <button
            className="tag-wrapper ReactTags__tag"
            onClick={null}
            style={
              Object {
                "cursor": "auto",
                "opacity": 1,
              }
            }
          >
            <span
              className="tag-name"
            >
              Habitat et SDF
            </span>
          </button>
          <button
            className="tag-wrapper ReactTags__tag"
            onClick={null}
            style={
              Object {
                "cursor": "auto",
                "opacity": 1,
              }
            }
          >
            <span
              className="tag-name"
            >
              Facilitation
            </span>
          </button>
        </div>
      </div>
    </div>
  </div>
</div>
`;
