// Jest Snapshot v1, https://goo.gl/fbAQLP

exports[`LegalContentsForm dumb component should render a form to edit legal notice and terms and conditions 1`] = `
<div
  className="admin-box"
>
  <SectionTitle
    annotation="* Fields are required."
    title="Legal contents"
  />
  <div
    className="admin-content"
  >
    <Row
      bsClass="row"
      componentClass="div"
    >
      <div
        className="form-container"
      >
        <FormControlWithLabel
          componentClass={undefined}
          disabled={undefined}
          formControlProps={undefined}
          helperText=""
          helperUrl=""
          id="terms-and-conditions"
          label="Terms and conditions"
          labelAlwaysVisible={false}
          name={undefined}
          onChange={[Function]}
          required={true}
          type="rich-text"
          validationErrors={undefined}
          value=""
        />
        <div
          className="separator"
        />
        <FormControlWithLabel
          componentClass={undefined}
          disabled={undefined}
          formControlProps={undefined}
          helperText=""
          helperUrl=""
          id="legal-notice"
          label="Legal notice"
          labelAlwaysVisible={false}
          name={undefined}
          onChange={[Function]}
          required={true}
          type="rich-text"
          validationErrors={undefined}
          value=""
        />
        <div
          className="separator"
        />
        <FormControlWithLabel
          componentClass={undefined}
          disabled={undefined}
          formControlProps={undefined}
          helperText=""
          helperUrl=""
          id="cookie-policy"
          label="Information on cookies"
          labelAlwaysVisible={false}
          name={undefined}
          onChange={[Function]}
          required={true}
          type="rich-text"
          validationErrors={undefined}
          value=""
        />
        <div
          className="separator"
        />
        <FormControlWithLabel
          componentClass={undefined}
          disabled={undefined}
          formControlProps={undefined}
          helperText=""
          helperUrl=""
          id="privacy-policy"
          label="Privacy policy"
          labelAlwaysVisible={false}
          name={undefined}
          onChange={[Function]}
          required={true}
          type="rich-text"
          validationErrors={undefined}
          value=""
        />
        <div
          className="separator"
        />
        <FormControlWithLabel
          componentClass={undefined}
          disabled={undefined}
          formControlProps={undefined}
          helperText=""
          helperUrl=""
          id="user-guidelines"
          label="User guidelines"
          labelAlwaysVisible={false}
          name={undefined}
          onChange={[Function]}
          required={true}
          type="rich-text"
          validationErrors={undefined}
          value={null}
        />
      </div>
    </Row>
  </div>
</div>
`;
