// Jest Snapshot v1, https://goo.gl/fbAQLP

exports[`Synthesis component should match Synthesis snapshot 1`] = `
<div
  className="max-container"
>
  <Connect(Header)
    imgUrl="http://foo.com/foo"
    isSynthesesHeader={true}
    title="Foo"
  />
  <Unknown
    ancestors={Array []}
    id="barId"
    imgUrl="http://foo.com/bar"
    index={1}
    numContributors={0}
    numPosts={0}
    parents={Array []}
    phaseIdentifier="paseId"
    posts={
      Object {
        "edges": Array [],
      }
    }
    slug="slugId"
    subIdeas={Array []}
    synthesisTitle="Foo"
    title="Bar"
  />
</div>
`;
