// Jest Snapshot v1, https://goo.gl/fbAQLP

exports[`Synthesis component should match Synthesis snapshot 1`] = `
<div
  className="max-container"
>
  <Connect(Header)
    imgUrl="http://foo.com/foo"
    isSynthesesHeader={true}
    title="Foo"
  />
  <Col
    bsClass="col"
    componentClass="div"
    md={10}
    xsOffset={2}
  >
    <IdeaSynthesisTree
      index={1}
      parents={Array []}
      rootIdea={
        Object {
          "ancestors": Array [],
          "id": "barId",
          "imgUrl": "http://foo.com/bar",
          "numContributors": 0,
          "numPosts": 0,
          "phaseIdentifier": "paseId",
          "posts": Object {
            "edges": Array [],
          },
          "synthesisTitle": "Foo",
          "title": "Bar",
        }
      }
      slug="slugId"
      subIdeas={Array []}
    />
  </Col>
</div>
`;
