// Jest Snapshot v1, https://goo.gl/fbAQLP

exports[`Syntheses component should match empty Syntheses snapshot 1`] = `
<div
  className="container-fluid"
>
  <div
    className="max-container syntheses-page"
  >
    <div
      className="title-section"
    >
      <div
        className="title-hyphen"
      />
      <h1
        className="dark-title-1 no-margin-left-xs"
      >
        <span>
          Syntheses summary
        </span>
      </h1>
    </div>
    <div
      className="page-body"
    >
      <div
        className="center margin-left-xxl syntheses-no-synthesis"
      >
        <span>
          There is no synthesis available yet.
        </span>
      </div>
    </div>
  </div>
</div>
`;
