// Jest Snapshot v1, https://goo.gl/fbAQLP

exports[`Syntheses component should match empty Syntheses snapshot 1`] = `
<section
  className="themes-section"
>
  <div
    className="max-container"
  >
    <div
      className="title-section"
    >
      <div>
        <div
          className="title-hyphen"
        >
           
        </div>
        <h1
          className="section-title section-title1 dark-title-1"
        >
          <span>
            Syntheses summary
          </span>
        </h1>
      </div>
    </div>
    <div
      className="content-section margin-l"
    >
      <div
        className="center create-synthesis-button"
      >
        <a
          className="button-submit button-dark"
          onClick={[Function]}
          style={Object {}}
        >
          <span>
            Create a new synthesis
          </span>
        </a>
      </div>
      <h2
        className="dark-title-2 margin-left-xxl"
      >
        <span>
          There is no synthesis available yet.
        </span>
      </h2>
    </div>
  </div>
</section>
`;
