// Jest Snapshot v1, https://goo.gl/fbAQLP

exports[`taxonomyOverflowMenu component should match harvestingMenu snapshot 1`] = `
<Overlay
  animation={[Function]}
  placement="bottom"
  rootClose={false}
  show={true}
  target={undefined}
>
  <Popover
    bsClass="popover"
    className="harvesting-menu overflow-menu"
    id="taxonomy"
    placement="right"
  >
    <div>
      <div
        className="pointer taxonomy-label taxonomy-label-border"
      >
        <Translate
          value="harvesting.move"
        />
      </div>
      <div
        className="assembl-icon-cancel"
        onClick={undefined}
      />
      <div
        className="taxonomy-category"
      >
        <Translate
          value="harvesting.qualifyNature"
        />
      </div>
      <div
        className="pointer"
      >
        <div
          className="taxonomy-label active"
          onClick={[Function]}
        >
          <Unknown
            qualifier="issue"
          />
          <div
            className="nature-label"
          >
            <Translate
              value="search.taxonomy_nature.issue"
            />
          </div>
        </div>
        <div
          className="taxonomy-label"
          onClick={[Function]}
        >
          <Unknown
            qualifier="actionable_solution"
          />
          <div
            className="nature-label"
          >
            <Translate
              value="search.taxonomy_nature.actionable_solution"
            />
          </div>
        </div>
        <div
          className="taxonomy-label"
          onClick={[Function]}
        >
          <Unknown
            qualifier="knowledge"
          />
          <div
            className="nature-label"
          >
            <Translate
              value="search.taxonomy_nature.knowledge"
            />
          </div>
        </div>
        <div
          className="taxonomy-label"
          onClick={[Function]}
        >
          <Unknown
            qualifier="example"
          />
          <div
            className="nature-label"
          >
            <Translate
              value="search.taxonomy_nature.example"
            />
          </div>
        </div>
        <div
          className="taxonomy-label"
          onClick={[Function]}
        >
          <Unknown
            qualifier="concept"
          />
          <div
            className="nature-label"
          >
            <Translate
              value="search.taxonomy_nature.concept"
            />
          </div>
        </div>
        <div
          className="taxonomy-label"
          onClick={[Function]}
        >
          <Unknown
            qualifier="argument"
          />
          <div
            className="nature-label"
          >
            <Translate
              value="search.taxonomy_nature.argument"
            />
          </div>
        </div>
        <div
          className="taxonomy-label"
          onClick={[Function]}
        >
          <Unknown
            qualifier="cognitive_bias"
          />
          <div
            className="nature-label"
          >
            <Translate
              value="search.taxonomy_nature.cognitive_bias"
            />
          </div>
        </div>
      </div>
      <div
        className="taxonomy-category"
      >
        <Translate
          value="harvesting.qualifyAction"
        />
      </div>
      <div
        className="pointer"
      >
        <div
          className="taxonomy-label active"
          onClick={[Function]}
        >
          <Unknown
            backgroundColor="#fff"
            color="#000"
            qualifier="classify"
          />
          <div
            className="action-label"
          >
            <Translate
              value="search.taxonomy_action.classify"
            />
          </div>
        </div>
        <div
          className="taxonomy-label"
          onClick={[Function]}
        >
          <Unknown
            backgroundColor="#fff"
            color="#000"
            qualifier="make_generic"
          />
          <div
            className="action-label"
          >
            <Translate
              value="search.taxonomy_action.make_generic"
            />
          </div>
        </div>
        <div
          className="taxonomy-label"
          onClick={[Function]}
        >
          <Unknown
            backgroundColor="#fff"
            color="#000"
            qualifier="argument"
          />
          <div
            className="action-label"
          >
            <Translate
              value="search.taxonomy_action.argument"
            />
          </div>
        </div>
        <div
          className="taxonomy-label"
          onClick={[Function]}
        >
          <Unknown
            backgroundColor="#fff"
            color="#000"
            qualifier="give_examples"
          />
          <div
            className="action-label"
          >
            <Translate
              value="search.taxonomy_action.give_examples"
            />
          </div>
        </div>
        <div
          className="taxonomy-label"
          onClick={[Function]}
        >
          <Unknown
            backgroundColor="#fff"
            color="#000"
            qualifier="more_specific"
          />
          <div
            className="action-label"
          >
            <Translate
              value="search.taxonomy_action.more_specific"
            />
          </div>
        </div>
        <div
          className="taxonomy-label"
          onClick={[Function]}
        >
          <Unknown
            backgroundColor="#fff"
            color="#000"
            qualifier="mix_match"
          />
          <div
            className="action-label"
          >
            <Translate
              value="search.taxonomy_action.mix_match"
            />
          </div>
        </div>
        <div
          className="taxonomy-label"
          onClick={[Function]}
        >
          <Unknown
            backgroundColor="#fff"
            color="#000"
            qualifier="display_multi_column"
          />
          <div
            className="action-label"
          >
            <Translate
              value="search.taxonomy_action.display_multi_column"
            />
          </div>
        </div>
        <div
          className="taxonomy-label"
          onClick={[Function]}
        >
          <Unknown
            backgroundColor="#fff"
            color="#000"
            qualifier="display_thread"
          />
          <div
            className="action-label"
          >
            <Translate
              value="search.taxonomy_action.display_thread"
            />
          </div>
        </div>
        <div
          className="taxonomy-label"
          onClick={[Function]}
        >
          <Unknown
            backgroundColor="#fff"
            color="#000"
            qualifier="display_tokens"
          />
          <div
            className="action-label"
          >
            <Translate
              value="search.taxonomy_action.display_tokens"
            />
          </div>
        </div>
        <div
          className="taxonomy-label"
          onClick={[Function]}
        >
          <Unknown
            backgroundColor="#fff"
            color="#000"
            qualifier="display_open_questions"
          />
          <div
            className="action-label"
          >
            <Translate
              value="search.taxonomy_action.display_open_questions"
            />
          </div>
        </div>
        <div
          className="taxonomy-label"
          onClick={[Function]}
        >
          <Unknown
            backgroundColor="#fff"
            color="#000"
            qualifier="display_bright_mirror"
          />
          <div
            className="action-label"
          >
            <Translate
              value="search.taxonomy_action.display_bright_mirror"
            />
          </div>
        </div>
      </div>
      <div
        className="center-flex"
      >
        <Button
          active={false}
          block={false}
          bsClass="btn"
          bsStyle="default"
          className="button-taxonomy button-dark"
          disabled={false}
          onClick={[Function]}
        >
          <Translate
            value="validate"
          />
        </Button>
      </div>
    </div>
  </Popover>
</Overlay>
`;
