// Jest Snapshot v1, https://goo.gl/fbAQLP

exports[`ExportSection component should render an ExportSection component with languages options 1`] = `
<div
  className="admin-box admin-export-section"
>
  <SectionTitle
    annotation="You can export all of the data by clicking on the export button"
    title="Export data"
  />
  <div
    className="admin-content"
  >
    <br />
    <Link
      className="button-link button-dark margin-l"
      href="foo.com"
      onlyActiveOnIndex={false}
      style={Object {}}
    >
      <Translate
        value="administration.export.link"
      />
    </Link>
  </div>
</div>
`;

exports[`ExportSection component should render an ExportSection component without languages options 1`] = `
<div
  className="admin-box admin-export-section"
>
  <SectionTitle
    annotation="You can export all of the data by clicking on the export button"
    title="Export data"
  />
  <div
    className="admin-content"
  >
    <br />
    <Link
      className="button-link button-dark margin-l"
      href="foo.com"
      onlyActiveOnIndex={false}
      style={Object {}}
    >
      <Translate
        value="administration.export.link"
      />
    </Link>
  </div>
</div>
`;
