// Jest Snapshot v1, https://goo.gl/fbAQLP

exports[`PostsFilterMenu component should render a filter with sort by recently started threads selected 1`] = `
<div
  className="posts-filter-button"
>
  <div
    className="dropdown btn-group"
  >
    <button
      aria-expanded={false}
      aria-haspopup={true}
      className="dropdown-toggle btn btn-default"
      disabled={false}
      id="postsFilter-dropdown"
      onClick={[Function]}
      onKeyDown={[Function]}
      role="button"
      type="button"
    >
      <img
        alt="user pic"
        height={24}
        src="/static2/img/icons/black/filter.svg"
        width={24}
      />
       
      <span
        className="caret"
      />
    </button>
    <ul
      aria-labelledby="postsFilter-dropdown"
      className="dropdown-menu dropdown-menu-right"
      role="menu"
    >
      <li
        className="disabled"
        role="presentation"
      >
        <a
          href="#"
          onClick={[Function]}
          onKeyDown={[Function]}
          role="menuitem"
          tabIndex="-1"
        >
          <strong>
            <span>
              Sort
            </span>
          </strong>
        </a>
      </li>
      <li
        className=""
        role="presentation"
      >
        <a
          href="#"
          onClick={[Function]}
          onKeyDown={[Function]}
          role="menuitem"
          tabIndex="-1"
        >
          <input
            checked={false}
            id="postsFilterItem-reverseChronologicalTop"
            name="postsOrder"
            readOnly={true}
            type="radio"
          />
           
          <label
            htmlFor="postsFilterItem-reverseChronologicalTop"
          >
            <span>
              Recently active threads
            </span>
          </label>
        </a>
      </li>
      <li
        className=""
        role="presentation"
      >
        <a
          href="#"
          onClick={[Function]}
          onKeyDown={[Function]}
          role="menuitem"
          tabIndex="-1"
        >
          <input
            checked={true}
            id="postsFilterItem-reverseChronologicalLast"
            name="postsOrder"
            readOnly={true}
            type="radio"
          />
           
          <label
            htmlFor="postsFilterItem-reverseChronologicalLast"
          >
            <span>
              Recently started threads
            </span>
          </label>
        </a>
      </li>
      <li
        className=""
        role="presentation"
      >
        <a
          href="#"
          onClick={[Function]}
          onKeyDown={[Function]}
          role="menuitem"
          tabIndex="-1"
        >
          <input
            checked={false}
            id="postsFilterItem-chronologicalTop"
            name="postsOrder"
            readOnly={true}
            type="radio"
          />
           
          <label
            htmlFor="postsFilterItem-chronologicalTop"
          >
            <span>
              Chronological threads
            </span>
          </label>
        </a>
      </li>
      <li
        className=""
        role="presentation"
      >
        <a
          href="#"
          onClick={[Function]}
          onKeyDown={[Function]}
          role="menuitem"
          tabIndex="-1"
        >
          <input
            checked={false}
            id="postsFilterItem-reverseChronologicalFlat"
            name="postsOrder"
            readOnly={true}
            type="radio"
          />
           
          <label
            htmlFor="postsFilterItem-reverseChronologicalFlat"
          >
            <span>
              Newest messages first
            </span>
          </label>
        </a>
      </li>
      <li
        className=""
        role="presentation"
      >
        <a
          href="#"
          onClick={[Function]}
          onKeyDown={[Function]}
          role="menuitem"
          tabIndex="-1"
        >
          <input
            checked={false}
            id="postsFilterItem-popularityFlat"
            name="postsOrder"
            readOnly={true}
            type="radio"
          />
           
          <label
            htmlFor="postsFilterItem-popularityFlat"
          >
            <span>
              Most popular messages first
            </span>
          </label>
        </a>
      </li>
      <li
        className="disabled"
        role="presentation"
      >
        <a
          href="#"
          onClick={[Function]}
          onKeyDown={[Function]}
          role="menuitem"
          tabIndex="-1"
        >
          <strong>
            <span>
              Overview
            </span>
          </strong>
        </a>
      </li>
      <li
        className=""
        role="presentation"
      >
        <a
          href="#"
          onClick={[Function]}
          onKeyDown={[Function]}
          role="menuitem"
          tabIndex="-1"
        >
          <input
            checked={true}
            id="postsFilterItem-full"
            name="postsDisplay"
            readOnly={true}
            type="radio"
          />
           
          <label
            htmlFor="postsFilterItem-full"
          >
            <span>
              Full messages
            </span>
          </label>
        </a>
      </li>
      <li
        className=""
        role="presentation"
      >
        <a
          href="#"
          onClick={[Function]}
          onKeyDown={[Function]}
          role="menuitem"
          tabIndex="-1"
        >
          <input
            checked={false}
            id="postsFilterItem-summary"
            name="postsDisplay"
            readOnly={true}
            type="radio"
          />
           
          <label
            htmlFor="postsFilterItem-summary"
          >
            <span>
              Message previews
            </span>
          </label>
        </a>
      </li>
      <li
        className=""
        role="presentation"
      >
        <a
          href="#"
          onClick={[Function]}
          onKeyDown={[Function]}
          role="menuitem"
          tabIndex="-1"
        >
          <button
            className="pull-right btn btn-primary"
            disabled={false}
            onClick={[Function]}
            onKeyDown={[Function]}
            onSelect={[Function]}
            type="button"
          >
            <span>
              Clean filters
            </span>
          </button>
        </a>
      </li>
    </ul>
  </div>
</div>
`;
