// Jest Snapshot v1, https://goo.gl/fbAQLP

exports[`PluginModal component should render a modal 1`] = `
<div>
  <div
    className="modal-backdrop fade in"
  />
  <div
    className="insertion-box box"
  >
    <div
      className="modal-header"
    >
      <button
        className="close"
        onClick={[Function]}
        title="Close"
      >
        <span
          className="assembl-icon-cancel"
        />
      </button>
      <h4
        className="modal-title"
      >
        My modal
      </h4>
    </div>
    <div
      className="modal-body"
    >
      <div>
        Try to reboot the TCP pixel!
      </div>
    </div>
  </div>
</div>
`;
