// Jest Snapshot v1, https://goo.gl/fbAQLP

exports[`FlatList component should match Posts with data snapshot 1`] = `
<FlatList
  ListItem={[Function]}
  extractItems={[Function]}
  fetchMore={undefined}
  itemData={[Function]}
  items={
    Object {
      "edges": Array [
        Object {
          "node": Object {
            "title": "Foobar",
          },
        },
      ],
    }
  }
  networkStatus={undefined}
  onEndReachedThreshold={0.6}
  refetch={undefined}
/>
`;
