// Jest Snapshot v1, https://goo.gl/fbAQLP

exports[`ResourcesCenter component should render the list of resources 1`] = `
<div
  className="resources-center"
>
  <Connect(Header)
    imgUrl="https://framapic.org/OXN2uadCiz5c/LtgDfpT5JnNV.png"
    title="Centre de ressources en ligne"
  />
  <section>
    <ResourceBlock
      doc={null}
      embedCode="https://www.youtube.com/embed/3m7BgIvC-uQ"
      image={null}
      index={0}
      text="<p>Le 1er octobre, deux millions de Catalans (soit 43 % des électeurs) se prononcent à 90 % pour l’indépendance de leur région, au cours d’un référendum jugé illégal par le pouvoir central espagnol et empêché, parfois brutalement, par les forces de l’ordre.</p>"
      title="La crise en Catalogne"
    />
    <ResourceBlock
      doc="https://wwww.fakeurl.com"
      embedCode={null}
      image="http://img.lemde.fr/2017/11/13/0/0/3847/2565/534/0/60/0/aaa6aa4_31822-8xbq9n.k1vw019k9.jpg"
      index={1}
      text="<p>Depuis sa réouverture, il y a un an, la salle emblématique tente d’écrire une nouvelle page de son histoire.</p>"
      title="Autre titre"
    />
    <ResourceBlock
      doc={null}
      embedCode="https://www.youtube.com/embed/3m7BgIvC-uQ"
      image="http://img.lemde.fr/2017/11/13/0/0/3847/2565/534/0/60/0/aaa6aa4_31822-8xbq9n.k1vw019k9.jpg"
      index={2}
      text="<p>Les données rassemblées par les scientifiques du GCP suggèrent en outre que le découplage entre croissance économique et croissance des émissions de carbone est possible</p>"
      title="I add both an image and a video"
    />
  </section>
</div>
`;
