// Jest Snapshot v1, https://goo.gl/fbAQLP

exports[`AdminForm component should render an admin form 1`] = `
<withRouter(DumbForm)
  handleSubmit={[MockFunction]}
  pristine={false}
  submitting={false}
>
  <SaveButtonInPortal
    saveAction={[MockFunction]}
    specificClasses={null}
  />
  nothing
</withRouter(DumbForm)>
`;
